Here is a list of add-on modules that will need an update to run 
with Worldgroup.  

This list is in no way complete!

These updates should be available now from the respective vendor.

GAL Major Gateway Internet  	GAL Internet Connectivity Option
GAL Search and Retrieve 	GAL Shopping Mall
GAL Entertainment Tele  	GAL Fax/Online Developers Kit ONLY
SIR MailLink                    TSG Telearena
DPI Visaman                     HWM Global Display
DPI Omni Mall                   HWM Profanity Checker
HVS Menu Magician               HWM Key Registries
HVS Quicksilver                 HWM Suggestion Box
HVS HSVUTIL                     HWM Text Vars
FAR Farwest Trivia              HWM Screen Editor
FAR Tele-Trivia                 HWM Time Charge
FAR Farwest Othello             HWM Caller ID
FAR Roll the bones              HWM CallTime
ANX Community Calander          HWM Account Number
ESC Warn'em                     MJW Mutants 
ESC First Class Mail            HOR Hacker Alarm
SWI MajorPro                        Chatmail
MR_ Major CD                     
MR_ TFLE



Eric Rhinehart
Galactiomm, Inc.
